// Jest Snapshot v1, https://goo.gl/fbAQLP

exports[`Component - People should match snapshot 1`] = `ShallowWrapper {}`;
